[2026-09-29T08:32:47Z] === ENRICH ITERATION 1 START | repo=NousResearch/hermes-plugin-honcho sha=32dfd0ba ===
[2026-09-29T08:32:47Z] [iter=1] PHASE START: enrich repo=NousResearch/hermes-plugin-honcho sha=32dfd0ba runlog=/home/runner/work/forx/forx/storage/aggregate/lsp/logs/32dfd0ba-enrich-iter-001.log output=/home/runner/work/forx/forx/storage/aggregate/lsp/32dfd0ba62ae0e8dad82d55fc81515e8c4a181a9.nq.gz
[2026-09-29T08:32:50Z] [iter=1] Step 1: Loading AST into disk-backed store mem_mb=80 MB
[2026-09-29T08:32:54Z] [iter=1] AST store loaded triples=392472 load_secs=4 mem_mb=623 MB
[2026-09-29T08:32:54Z] [iter=1] Step 2: Finding LSP targets mem_mb=623 MB
[2026-09-29T08:32:54Z] [iter=1] LSP targets found call_sites=2714 imports=163 extends=16 implements=0 secs=0
[2026-09-29T08:32:54Z] [iter=1] Step 2.7: Building position index (one-shot, shared across resolvers) mem_mb=623 MB
[2026-09-29T08:32:56Z] [iter=1] Position index built positions=26816 nodes_with_types=35090 secs=1 mem_mb=623 MB
[2026-09-29T08:32:56Z] [iter=1] Step 3: Starting LSP resolution mem_mb=623 MB already_completed_types=[] already_completed_files=0
[2026-09-29T08:32:56Z] [iter=1] Resolving target type target_type=call_site count=2714
[2026-09-29T08:33:40Z] [iter=1] HEARTBEAT target_type=call_site elapsed_min=0.9 files_done=1 resolved=537 errors=298 current=__init__.py
[2026-09-29T08:34:11Z] [iter=1] HEARTBEAT target_type=call_site elapsed_min=1.4 files_done=3 resolved=910 errors=503 current=oauth.py
[2026-09-29T08:34:52Z] [iter=1] HEARTBEAT target_type=call_site elapsed_min=2.1 files_done=9 resolved=1372 errors=791 current=recall_sync.py
[2026-09-29T08:35:08Z] [iter=1] Target type resolved target_type=call_site resolved=1499 errors=910 secs=132 mem_mb=623 MB
[2026-09-29T08:35:08Z] [iter=1] Resolving target type target_type=import_statement count=163
[2026-09-29T08:35:10Z] [iter=1] Target type resolved target_type=import_statement resolved=113 errors=0 secs=2 mem_mb=623 MB
[2026-09-29T08:35:10Z] [iter=1] Resolving target type target_type=extends_clause count=16
[2026-09-29T08:35:11Z] [iter=1] Target type resolved target_type=extends_clause resolved=15 errors=0 secs=1 mem_mb=623 MB
[2026-09-29T08:35:13Z] [iter=1] Step 5: Writing final enrichment file triples=24324
[2026-09-29T08:35:14Z] [iter=1] Enrichment file written path=/home/runner/work/forx/forx/storage/aggregate/lsp/32dfd0ba62ae0e8dad82d55fc81515e8c4a181a9.nq.gz size_kb=437
[2026-09-29T08:35:14Z] [iter=1] PHASE END: enrich elapsed_s=147 elapsed_min=2.4 total_triples=24324
